﻿
> frontend@0.0.0 build
> vite build

[36mvite v7.3.1 [32mbuilding client environment for production...[36m[39m
transforming...
[32mÔ£ô[39m 99 modules transformed.
node.exe : [31mÔ£ù[39m Build 
failed in 682ms
At line:1 char:1
+ & "C:\Program 
Files\nodejs/node.exe" "C:\Program 
Files\nodejs/node_mo ...
+ ~~~~~~~~~~~~~~~~~~~~~~~~~~~~~~~~~~
~~~~~~~~~~~~~~~~~~~~~~~~~~~~~~~~~~~
    + CategoryInfo          : NotSp 
   ecified: ([31mÔ£ù[39m Build f  
  ailed in 682ms:String) [], Remo   
 teException
    + FullyQualifiedErrorId : Nativ 
   eCommandError
 
[31merror during build:
[31msrc/App.jsx (9:7): "default" 
is not exported by 
"src/components/AdminLogin.jsx", 
imported by "src/App.jsx".[31m
file: [36mE:/enterprise-system/fron
tend/src/App.jsx:9:7[31m
[33m
 7: import Careers from 
'./components/Careers'; // ADD THIS
 8: import AdminDashboard from 
'./components/AdminDashboard'; // 
ADD THIS
 9: import AdminLogin from 
'./components/AdminLogin'; // ADD 
THIS IMPORT
           ^
10: 
11: function App() {
[31m
    at getRollupError (file:///E:/en
terprise-system/frontend/node_module
s/rollup/dist/es/shared/parseAst.js:
402:41)
    at error (file:///E:/enterprise-
system/frontend/node_modules/rollup/
dist/es/shared/parseAst.js:398:42)
    at Module.error (file:///E:/ente
rprise-system/frontend/node_modules/
rollup/dist/es/shared/node-entry.js:
17040:16)
    at Module.traceVariable (file://
/E:/enterprise-system/frontend/node_
modules/rollup/dist/es/shared/node-e
ntry.js:17452:29)
    at ModuleScope.findVariable (fil
e:///E:/enterprise-system/frontend/n
ode_modules/rollup/dist/es/shared/no
de-entry.js:15070:39)
    at FunctionScope.findVariable (f
ile:///E:/enterprise-system/frontend
/node_modules/rollup/dist/es/shared/
node-entry.js:5673:38)
    at 
FunctionBodyScope.findVariable (file
:///E:/enterprise-system/frontend/no
de_modules/rollup/dist/es/shared/nod
e-entry.js:5673:38)
    at Identifier.bind (file:///E:/e
nterprise-system/frontend/node_modul
es/rollup/dist/es/shared/node-entry.
js:5447:40)
    at CallExpression.bind (file:///
E:/enterprise-system/frontend/node_m
odules/rollup/dist/es/shared/node-en
try.js:2825:28)
    at CallExpression.bind (file:///
E:/enterprise-system/frontend/node_m
odules/rollup/dist/es/shared/node-en
try.js:12179:15)[39m
